Archive member included to satisfy reference by file (symbol)

/usr/local/Cellar/avr-gcc/9.2.0/lib/avr-gcc/9/gcc/avr/9.2.0/avr5/libgcc.a(_exit.o)
                              /usr/local/Cellar/avr-gcc/9.2.0/lib/avr-gcc/9/gcc/avr/9.2.0/../../../../../../avr/lib/avr5/crtatmega328p.o (exit)
/usr/local/Cellar/avr-gcc/9.2.0/lib/avr-gcc/9/gcc/avr/9.2.0/avr5/libgcc.a(_copy_data.o)
                              rtc.o (__do_copy_data)
/usr/local/Cellar/avr-gcc/9.2.0/lib/avr-gcc/9/gcc/avr/9.2.0/avr5/libgcc.a(_clear_bss.o)
                              rtc.o (__do_clear_bss)
/usr/local/Cellar/avr-gcc/9.2.0/lib/avr-gcc/9/gcc/avr/9.2.0/avr5/libgcc.a(_umulhisi3.o)
                              rtc.o (__umulhisi3)
/usr/local/Cellar/avr-gcc/9.2.0/lib/avr-gcc/9/gcc/avr/9.2.0/../../../../../../avr/lib/avr5/libc.a(iob.o)
                              rtc.o (__iob)
/usr/local/Cellar/avr-gcc/9.2.0/lib/avr-gcc/9/gcc/avr/9.2.0/../../../../../../avr/lib/avr5/libc.a(printf.o)
                              rtc.o (printf)
/usr/local/Cellar/avr-gcc/9.2.0/lib/avr-gcc/9/gcc/avr/9.2.0/../../../../../../avr/lib/avr5/libc.a(scanf.o)
                              rtc.o (scanf)
/usr/local/Cellar/avr-gcc/9.2.0/lib/avr-gcc/9/gcc/avr/9.2.0/../../../../../../avr/lib/avr5/libc.a(vfprintf_std.o)
                              /usr/local/Cellar/avr-gcc/9.2.0/lib/avr-gcc/9/gcc/avr/9.2.0/../../../../../../avr/lib/avr5/libc.a(printf.o) (vfprintf)
/usr/local/Cellar/avr-gcc/9.2.0/lib/avr-gcc/9/gcc/avr/9.2.0/../../../../../../avr/lib/avr5/libc.a(vfscanf_std.o)
                              /usr/local/Cellar/avr-gcc/9.2.0/lib/avr-gcc/9/gcc/avr/9.2.0/../../../../../../avr/lib/avr5/libc.a(scanf.o) (vfscanf)
/usr/local/Cellar/avr-gcc/9.2.0/lib/avr-gcc/9/gcc/avr/9.2.0/../../../../../../avr/lib/avr5/libc.a(isspace.o)
                              /usr/local/Cellar/avr-gcc/9.2.0/lib/avr-gcc/9/gcc/avr/9.2.0/../../../../../../avr/lib/avr5/libc.a(vfscanf_std.o) (isspace)
/usr/local/Cellar/avr-gcc/9.2.0/lib/avr-gcc/9/gcc/avr/9.2.0/../../../../../../avr/lib/avr5/libc.a(strchr_P.o)
                              /usr/local/Cellar/avr-gcc/9.2.0/lib/avr-gcc/9/gcc/avr/9.2.0/../../../../../../avr/lib/avr5/libc.a(vfscanf_std.o) (strchr_P)
/usr/local/Cellar/avr-gcc/9.2.0/lib/avr-gcc/9/gcc/avr/9.2.0/../../../../../../avr/lib/avr5/libc.a(strnlen_P.o)
                              /usr/local/Cellar/avr-gcc/9.2.0/lib/avr-gcc/9/gcc/avr/9.2.0/../../../../../../avr/lib/avr5/libc.a(vfprintf_std.o) (strnlen_P)
/usr/local/Cellar/avr-gcc/9.2.0/lib/avr-gcc/9/gcc/avr/9.2.0/../../../../../../avr/lib/avr5/libc.a(strnlen.o)
                              /usr/local/Cellar/avr-gcc/9.2.0/lib/avr-gcc/9/gcc/avr/9.2.0/../../../../../../avr/lib/avr5/libc.a(vfprintf_std.o) (strnlen)
/usr/local/Cellar/avr-gcc/9.2.0/lib/avr-gcc/9/gcc/avr/9.2.0/../../../../../../avr/lib/avr5/libc.a(fgetc.o)
                              /usr/local/Cellar/avr-gcc/9.2.0/lib/avr-gcc/9/gcc/avr/9.2.0/../../../../../../avr/lib/avr5/libc.a(vfscanf_std.o) (fgetc)
/usr/local/Cellar/avr-gcc/9.2.0/lib/avr-gcc/9/gcc/avr/9.2.0/../../../../../../avr/lib/avr5/libc.a(fputc.o)
                              /usr/local/Cellar/avr-gcc/9.2.0/lib/avr-gcc/9/gcc/avr/9.2.0/../../../../../../avr/lib/avr5/libc.a(vfprintf_std.o) (fputc)
/usr/local/Cellar/avr-gcc/9.2.0/lib/avr-gcc/9/gcc/avr/9.2.0/../../../../../../avr/lib/avr5/libc.a(ungetc.o)
                              /usr/local/Cellar/avr-gcc/9.2.0/lib/avr-gcc/9/gcc/avr/9.2.0/../../../../../../avr/lib/avr5/libc.a(vfscanf_std.o) (ungetc)
/usr/local/Cellar/avr-gcc/9.2.0/lib/avr-gcc/9/gcc/avr/9.2.0/../../../../../../avr/lib/avr5/libc.a(ultoa_invert.o)
                              /usr/local/Cellar/avr-gcc/9.2.0/lib/avr-gcc/9/gcc/avr/9.2.0/../../../../../../avr/lib/avr5/libc.a(vfprintf_std.o) (__ultoa_invert)
/usr/local/Cellar/avr-gcc/9.2.0/lib/avr-gcc/9/gcc/avr/9.2.0/../../../../../../avr/lib/avr5/libc.a(cty_isfalse.o)
                              /usr/local/Cellar/avr-gcc/9.2.0/lib/avr-gcc/9/gcc/avr/9.2.0/../../../../../../avr/lib/avr5/libc.a(isspace.o) (__ctype_isfalse)
/usr/local/Cellar/avr-gcc/9.2.0/lib/avr-gcc/9/gcc/avr/9.2.0/avr5/libgcc.a(_prologue.o)
                              /usr/local/Cellar/avr-gcc/9.2.0/lib/avr-gcc/9/gcc/avr/9.2.0/../../../../../../avr/lib/avr5/libc.a(printf.o) (__prologue_saves__)
/usr/local/Cellar/avr-gcc/9.2.0/lib/avr-gcc/9/gcc/avr/9.2.0/avr5/libgcc.a(_epilogue.o)
                              /usr/local/Cellar/avr-gcc/9.2.0/lib/avr-gcc/9/gcc/avr/9.2.0/../../../../../../avr/lib/avr5/libc.a(printf.o) (__epilogue_restores__)

Allocating common symbols
Common symbol       size              file

uart_file           0xe               rtc.o
__iob               0x6               /usr/local/Cellar/avr-gcc/9.2.0/lib/avr-gcc/9/gcc/avr/9.2.0/../../../../../../avr/lib/avr5/libc.a(iob.o)

Memory Configuration

Name             Origin             Length             Attributes
text             0x0000000000000000 0x0000000000020000 xr
data             0x0000000000800060 0x000000000000ffa0 rw !x
eeprom           0x0000000000810000 0x0000000000010000 rw !x
fuse             0x0000000000820000 0x0000000000000400 rw !x
lock             0x0000000000830000 0x0000000000000400 rw !x
signature        0x0000000000840000 0x0000000000000400 rw !x
user_signatures  0x0000000000850000 0x0000000000000400 rw !x
*default*        0x0000000000000000 0xffffffffffffffff

Linker script and memory map

Address of section .data set to 0x800100
LOAD /usr/local/Cellar/avr-gcc/9.2.0/lib/avr-gcc/9/gcc/avr/9.2.0/../../../../../../avr/lib/avr5/crtatmega328p.o
LOAD rtc.o
LOAD i2c.o
START GROUP
LOAD /usr/local/Cellar/avr-gcc/9.2.0/lib/avr-gcc/9/gcc/avr/9.2.0/avr5/libgcc.a
LOAD /usr/local/Cellar/avr-gcc/9.2.0/lib/avr-gcc/9/gcc/avr/9.2.0/../../../../../../avr/lib/avr5/libm.a
LOAD /usr/local/Cellar/avr-gcc/9.2.0/lib/avr-gcc/9/gcc/avr/9.2.0/../../../../../../avr/lib/avr5/libc.a
LOAD /usr/local/Cellar/avr-gcc/9.2.0/lib/avr-gcc/9/gcc/avr/9.2.0/../../../../../../avr/lib/avr5/libatmega328p.a
END GROUP
                0x0000000000020000                __TEXT_REGION_LENGTH__ = DEFINED (__TEXT_REGION_LENGTH__)?__TEXT_REGION_LENGTH__:0x20000
                0x000000000000ffa0                __DATA_REGION_LENGTH__ = DEFINED (__DATA_REGION_LENGTH__)?__DATA_REGION_LENGTH__:0xffa0
                0x0000000000010000                __EEPROM_REGION_LENGTH__ = DEFINED (__EEPROM_REGION_LENGTH__)?__EEPROM_REGION_LENGTH__:0x10000
                0x0000000000000400                __FUSE_REGION_LENGTH__ = DEFINED (__FUSE_REGION_LENGTH__)?__FUSE_REGION_LENGTH__:0x400
                0x0000000000000400                __LOCK_REGION_LENGTH__ = DEFINED (__LOCK_REGION_LENGTH__)?__LOCK_REGION_LENGTH__:0x400
                0x0000000000000400                __SIGNATURE_REGION_LENGTH__ = DEFINED (__SIGNATURE_REGION_LENGTH__)?__SIGNATURE_REGION_LENGTH__:0x400
                0x0000000000000400                __USER_SIGNATURE_REGION_LENGTH__ = DEFINED (__USER_SIGNATURE_REGION_LENGTH__)?__USER_SIGNATURE_REGION_LENGTH__:0x400

.hash
 *(.hash)

.dynsym
 *(.dynsym)

.dynstr
 *(.dynstr)

.gnu.version
 *(.gnu.version)

.gnu.version_d
 *(.gnu.version_d)

.gnu.version_r
 *(.gnu.version_r)

.rel.init
 *(.rel.init)

.rela.init
 *(.rela.init)

.rel.text
 *(.rel.text)
 *(.rel.text.*)
 *(.rel.gnu.linkonce.t*)

.rela.text
 *(.rela.text)
 *(.rela.text.*)
 *(.rela.gnu.linkonce.t*)

.rel.fini
 *(.rel.fini)

.rela.fini
 *(.rela.fini)

.rel.rodata
 *(.rel.rodata)
 *(.rel.rodata.*)
 *(.rel.gnu.linkonce.r*)

.rela.rodata
 *(.rela.rodata)
 *(.rela.rodata.*)
 *(.rela.gnu.linkonce.r*)

.rel.data
 *(.rel.data)
 *(.rel.data.*)
 *(.rel.gnu.linkonce.d*)

.rela.data
 *(.rela.data)
 *(.rela.data.*)
 *(.rela.gnu.linkonce.d*)

.rel.ctors
 *(.rel.ctors)

.rela.ctors
 *(.rela.ctors)

.rel.dtors
 *(.rel.dtors)

.rela.dtors
 *(.rela.dtors)

.rel.got
 *(.rel.got)

.rela.got
 *(.rela.got)

.rel.bss
 *(.rel.bss)

.rela.bss
 *(.rela.bss)

.rel.plt
 *(.rel.plt)

.rela.plt
 *(.rela.plt)

.text           0x0000000000000000     0x1812
 *(.vectors)
 .vectors       0x0000000000000000       0x68 /usr/local/Cellar/avr-gcc/9.2.0/lib/avr-gcc/9/gcc/avr/9.2.0/../../../../../../avr/lib/avr5/crtatmega328p.o
                0x0000000000000000                __vectors
                0x0000000000000000                __vector_default
 *(.vectors)
 *(.progmem.gcc*)
                0x0000000000000068                . = ALIGN (0x2)
                0x0000000000000068                __trampolines_start = .
 *(.trampolines)
 .trampolines   0x0000000000000068        0x0 linker stubs
 *(.trampolines*)
                0x0000000000000068                __trampolines_end = .
 *libprintf_flt.a:*(.progmem.data)
 *libc.a:*(.progmem.data)
 .progmem.data  0x0000000000000068        0xc /usr/local/Cellar/avr-gcc/9.2.0/lib/avr-gcc/9/gcc/avr/9.2.0/../../../../../../avr/lib/avr5/libc.a(vfscanf_std.o)
 *(.progmem.*)
                0x0000000000000074                . = ALIGN (0x2)
 *(.lowtext)
 *(.lowtext*)
                0x0000000000000074                __ctors_start = .
 *(.ctors)
                0x0000000000000074                __ctors_end = .
                0x0000000000000074                __dtors_start = .
 *(.dtors)
                0x0000000000000074                __dtors_end = .
 SORT_BY_NAME(*)(.ctors)
 SORT_BY_NAME(*)(.dtors)
 *(.init0)
 .init0         0x0000000000000074        0x0 /usr/local/Cellar/avr-gcc/9.2.0/lib/avr-gcc/9/gcc/avr/9.2.0/../../../../../../avr/lib/avr5/crtatmega328p.o
                0x0000000000000074                __init
 *(.init0)
 *(.init1)
 *(.init1)
 *(.init2)
 .init2         0x0000000000000074        0xc /usr/local/Cellar/avr-gcc/9.2.0/lib/avr-gcc/9/gcc/avr/9.2.0/../../../../../../avr/lib/avr5/crtatmega328p.o
 *(.init2)
 *(.init3)
 *(.init3)
 *(.init4)
 .init4         0x0000000000000080       0x16 /usr/local/Cellar/avr-gcc/9.2.0/lib/avr-gcc/9/gcc/avr/9.2.0/avr5/libgcc.a(_copy_data.o)
                0x0000000000000080                __do_copy_data
 .init4         0x0000000000000096       0x10 /usr/local/Cellar/avr-gcc/9.2.0/lib/avr-gcc/9/gcc/avr/9.2.0/avr5/libgcc.a(_clear_bss.o)
                0x0000000000000096                __do_clear_bss
 *(.init4)
 *(.init5)
 *(.init5)
 *(.init6)
 *(.init6)
 *(.init7)
 *(.init7)
 *(.init8)
 *(.init8)
 *(.init9)
 .init9         0x00000000000000a6        0x8 /usr/local/Cellar/avr-gcc/9.2.0/lib/avr-gcc/9/gcc/avr/9.2.0/../../../../../../avr/lib/avr5/crtatmega328p.o
 *(.init9)
 *(.text)
 .text          0x00000000000000ae        0x4 /usr/local/Cellar/avr-gcc/9.2.0/lib/avr-gcc/9/gcc/avr/9.2.0/../../../../../../avr/lib/avr5/crtatmega328p.o
                0x00000000000000ae                __vector_20
                0x00000000000000ae                __vector_1
                0x00000000000000ae                __vector_24
                0x00000000000000ae                __vector_12
                0x00000000000000ae                __bad_interrupt
                0x00000000000000ae                __vector_6
                0x00000000000000ae                __vector_3
                0x00000000000000ae                __vector_23
                0x00000000000000ae                __vector_25
                0x00000000000000ae                __vector_11
                0x00000000000000ae                __vector_13
                0x00000000000000ae                __vector_17
                0x00000000000000ae                __vector_19
                0x00000000000000ae                __vector_7
                0x00000000000000ae                __vector_5
                0x00000000000000ae                __vector_4
                0x00000000000000ae                __vector_9
                0x00000000000000ae                __vector_2
                0x00000000000000ae                __vector_21
                0x00000000000000ae                __vector_15
                0x00000000000000ae                __vector_8
                0x00000000000000ae                __vector_14
                0x00000000000000ae                __vector_10
                0x00000000000000ae                __vector_16
                0x00000000000000ae                __vector_18
                0x00000000000000ae                __vector_22
 .text          0x00000000000000b2      0x742 rtc.o
                0x00000000000000b2                uart_transmit
                0x00000000000000c4                uart_receive
                0x00000000000003e4                uart_init
                0x0000000000000402                get_date
                0x0000000000000492                get_time
                0x0000000000000520                set_date
                0x00000000000006a4                set_time
 .text          0x00000000000007f4       0x78 i2c.o
                0x00000000000007f4                i2cInit
                0x0000000000000806                i2cWaitForComplete
                0x0000000000000810                i2cStart
                0x0000000000000820                i2cStop
                0x0000000000000828                i2cReset
                0x0000000000000830                i2cReadAck
                0x0000000000000844                i2cReadNoAck
                0x0000000000000858                i2cSend
 .text          0x000000000000086c        0x0 /usr/local/Cellar/avr-gcc/9.2.0/lib/avr-gcc/9/gcc/avr/9.2.0/avr5/libgcc.a(_exit.o)
 .text          0x000000000000086c        0x0 /usr/local/Cellar/avr-gcc/9.2.0/lib/avr-gcc/9/gcc/avr/9.2.0/avr5/libgcc.a(_copy_data.o)
 .text          0x000000000000086c        0x0 /usr/local/Cellar/avr-gcc/9.2.0/lib/avr-gcc/9/gcc/avr/9.2.0/avr5/libgcc.a(_clear_bss.o)
 .text          0x000000000000086c        0x0 /usr/local/Cellar/avr-gcc/9.2.0/lib/avr-gcc/9/gcc/avr/9.2.0/avr5/libgcc.a(_umulhisi3.o)
 .text          0x000000000000086c        0x0 /usr/local/Cellar/avr-gcc/9.2.0/lib/avr-gcc/9/gcc/avr/9.2.0/../../../../../../avr/lib/avr5/libc.a(iob.o)
 .text          0x000000000000086c        0x0 /usr/local/Cellar/avr-gcc/9.2.0/lib/avr-gcc/9/gcc/avr/9.2.0/../../../../../../avr/lib/avr5/libc.a(printf.o)
 .text          0x000000000000086c        0x0 /usr/local/Cellar/avr-gcc/9.2.0/lib/avr-gcc/9/gcc/avr/9.2.0/../../../../../../avr/lib/avr5/libc.a(scanf.o)
 .text          0x000000000000086c        0x0 /usr/local/Cellar/avr-gcc/9.2.0/lib/avr-gcc/9/gcc/avr/9.2.0/../../../../../../avr/lib/avr5/libc.a(vfprintf_std.o)
 .text          0x000000000000086c        0x0 /usr/local/Cellar/avr-gcc/9.2.0/lib/avr-gcc/9/gcc/avr/9.2.0/../../../../../../avr/lib/avr5/libc.a(vfscanf_std.o)
 .text          0x000000000000086c        0x0 /usr/local/Cellar/avr-gcc/9.2.0/lib/avr-gcc/9/gcc/avr/9.2.0/../../../../../../avr/lib/avr5/libc.a(isspace.o)
 .text          0x000000000000086c        0x0 /usr/local/Cellar/avr-gcc/9.2.0/lib/avr-gcc/9/gcc/avr/9.2.0/../../../../../../avr/lib/avr5/libc.a(strchr_P.o)
 .text          0x000000000000086c        0x0 /usr/local/Cellar/avr-gcc/9.2.0/lib/avr-gcc/9/gcc/avr/9.2.0/../../../../../../avr/lib/avr5/libc.a(strnlen_P.o)
 .text          0x000000000000086c        0x0 /usr/local/Cellar/avr-gcc/9.2.0/lib/avr-gcc/9/gcc/avr/9.2.0/../../../../../../avr/lib/avr5/libc.a(strnlen.o)
 .text          0x000000000000086c        0x0 /usr/local/Cellar/avr-gcc/9.2.0/lib/avr-gcc/9/gcc/avr/9.2.0/../../../../../../avr/lib/avr5/libc.a(fgetc.o)
 .text          0x000000000000086c        0x0 /usr/local/Cellar/avr-gcc/9.2.0/lib/avr-gcc/9/gcc/avr/9.2.0/../../../../../../avr/lib/avr5/libc.a(fputc.o)
 .text          0x000000000000086c        0x0 /usr/local/Cellar/avr-gcc/9.2.0/lib/avr-gcc/9/gcc/avr/9.2.0/../../../../../../avr/lib/avr5/libc.a(ungetc.o)
 .text          0x000000000000086c        0x0 /usr/local/Cellar/avr-gcc/9.2.0/lib/avr-gcc/9/gcc/avr/9.2.0/../../../../../../avr/lib/avr5/libc.a(ultoa_invert.o)
 .text          0x000000000000086c        0x0 /usr/local/Cellar/avr-gcc/9.2.0/lib/avr-gcc/9/gcc/avr/9.2.0/../../../../../../avr/lib/avr5/libc.a(cty_isfalse.o)
 .text          0x000000000000086c        0x0 /usr/local/Cellar/avr-gcc/9.2.0/lib/avr-gcc/9/gcc/avr/9.2.0/avr5/libgcc.a(_prologue.o)
 .text          0x000000000000086c        0x0 /usr/local/Cellar/avr-gcc/9.2.0/lib/avr-gcc/9/gcc/avr/9.2.0/avr5/libgcc.a(_epilogue.o)
                0x000000000000086c                . = ALIGN (0x2)
 *(.text.*)
 .text.startup  0x000000000000086c      0x3a8 rtc.o
                0x000000000000086c                main
 .text.libgcc.mul
                0x0000000000000c14        0x0 /usr/local/Cellar/avr-gcc/9.2.0/lib/avr-gcc/9/gcc/avr/9.2.0/avr5/libgcc.a(_exit.o)
 .text.libgcc.div
                0x0000000000000c14        0x0 /usr/local/Cellar/avr-gcc/9.2.0/lib/avr-gcc/9/gcc/avr/9.2.0/avr5/libgcc.a(_exit.o)
 .text.libgcc   0x0000000000000c14        0x0 /usr/local/Cellar/avr-gcc/9.2.0/lib/avr-gcc/9/gcc/avr/9.2.0/avr5/libgcc.a(_exit.o)
 .text.libgcc.prologue
                0x0000000000000c14        0x0 /usr/local/Cellar/avr-gcc/9.2.0/lib/avr-gcc/9/gcc/avr/9.2.0/avr5/libgcc.a(_exit.o)
 .text.libgcc.builtins
                0x0000000000000c14        0x0 /usr/local/Cellar/avr-gcc/9.2.0/lib/avr-gcc/9/gcc/avr/9.2.0/avr5/libgcc.a(_exit.o)
 .text.libgcc.fmul
                0x0000000000000c14        0x0 /usr/local/Cellar/avr-gcc/9.2.0/lib/avr-gcc/9/gcc/avr/9.2.0/avr5/libgcc.a(_exit.o)
 .text.libgcc.fixed
                0x0000000000000c14        0x0 /usr/local/Cellar/avr-gcc/9.2.0/lib/avr-gcc/9/gcc/avr/9.2.0/avr5/libgcc.a(_exit.o)
 .text.libgcc.mul
                0x0000000000000c14        0x0 /usr/local/Cellar/avr-gcc/9.2.0/lib/avr-gcc/9/gcc/avr/9.2.0/avr5/libgcc.a(_copy_data.o)
 .text.libgcc.div
                0x0000000000000c14        0x0 /usr/local/Cellar/avr-gcc/9.2.0/lib/avr-gcc/9/gcc/avr/9.2.0/avr5/libgcc.a(_copy_data.o)
 .text.libgcc   0x0000000000000c14        0x0 /usr/local/Cellar/avr-gcc/9.2.0/lib/avr-gcc/9/gcc/avr/9.2.0/avr5/libgcc.a(_copy_data.o)
 .text.libgcc.prologue
                0x0000000000000c14        0x0 /usr/local/Cellar/avr-gcc/9.2.0/lib/avr-gcc/9/gcc/avr/9.2.0/avr5/libgcc.a(_copy_data.o)
 .text.libgcc.builtins
                0x0000000000000c14        0x0 /usr/local/Cellar/avr-gcc/9.2.0/lib/avr-gcc/9/gcc/avr/9.2.0/avr5/libgcc.a(_copy_data.o)
 .text.libgcc.fmul
                0x0000000000000c14        0x0 /usr/local/Cellar/avr-gcc/9.2.0/lib/avr-gcc/9/gcc/avr/9.2.0/avr5/libgcc.a(_copy_data.o)
 .text.libgcc.fixed
                0x0000000000000c14        0x0 /usr/local/Cellar/avr-gcc/9.2.0/lib/avr-gcc/9/gcc/avr/9.2.0/avr5/libgcc.a(_copy_data.o)
 .text.libgcc.mul
                0x0000000000000c14        0x0 /usr/local/Cellar/avr-gcc/9.2.0/lib/avr-gcc/9/gcc/avr/9.2.0/avr5/libgcc.a(_clear_bss.o)
 .text.libgcc.div
                0x0000000000000c14        0x0 /usr/local/Cellar/avr-gcc/9.2.0/lib/avr-gcc/9/gcc/avr/9.2.0/avr5/libgcc.a(_clear_bss.o)
 .text.libgcc   0x0000000000000c14        0x0 /usr/local/Cellar/avr-gcc/9.2.0/lib/avr-gcc/9/gcc/avr/9.2.0/avr5/libgcc.a(_clear_bss.o)
 .text.libgcc.prologue
                0x0000000000000c14        0x0 /usr/local/Cellar/avr-gcc/9.2.0/lib/avr-gcc/9/gcc/avr/9.2.0/avr5/libgcc.a(_clear_bss.o)
 .text.libgcc.builtins
                0x0000000000000c14        0x0 /usr/local/Cellar/avr-gcc/9.2.0/lib/avr-gcc/9/gcc/avr/9.2.0/avr5/libgcc.a(_clear_bss.o)
 .text.libgcc.fmul
                0x0000000000000c14        0x0 /usr/local/Cellar/avr-gcc/9.2.0/lib/avr-gcc/9/gcc/avr/9.2.0/avr5/libgcc.a(_clear_bss.o)
 .text.libgcc.fixed
                0x0000000000000c14        0x0 /usr/local/Cellar/avr-gcc/9.2.0/lib/avr-gcc/9/gcc/avr/9.2.0/avr5/libgcc.a(_clear_bss.o)
 .text.libgcc.mul
                0x0000000000000c14       0x1e /usr/local/Cellar/avr-gcc/9.2.0/lib/avr-gcc/9/gcc/avr/9.2.0/avr5/libgcc.a(_umulhisi3.o)
                0x0000000000000c14                __umulhisi3
 .text.libgcc.div
                0x0000000000000c32        0x0 /usr/local/Cellar/avr-gcc/9.2.0/lib/avr-gcc/9/gcc/avr/9.2.0/avr5/libgcc.a(_umulhisi3.o)
 .text.libgcc   0x0000000000000c32        0x0 /usr/local/Cellar/avr-gcc/9.2.0/lib/avr-gcc/9/gcc/avr/9.2.0/avr5/libgcc.a(_umulhisi3.o)
 .text.libgcc.prologue
                0x0000000000000c32        0x0 /usr/local/Cellar/avr-gcc/9.2.0/lib/avr-gcc/9/gcc/avr/9.2.0/avr5/libgcc.a(_umulhisi3.o)
 .text.libgcc.builtins
                0x0000000000000c32        0x0 /usr/local/Cellar/avr-gcc/9.2.0/lib/avr-gcc/9/gcc/avr/9.2.0/avr5/libgcc.a(_umulhisi3.o)
 .text.libgcc.fmul
                0x0000000000000c32        0x0 /usr/local/Cellar/avr-gcc/9.2.0/lib/avr-gcc/9/gcc/avr/9.2.0/avr5/libgcc.a(_umulhisi3.o)
 .text.libgcc.fixed
                0x0000000000000c32        0x0 /usr/local/Cellar/avr-gcc/9.2.0/lib/avr-gcc/9/gcc/avr/9.2.0/avr5/libgcc.a(_umulhisi3.o)
 .text.avr-libc
                0x0000000000000c32       0x28 /usr/local/Cellar/avr-gcc/9.2.0/lib/avr-gcc/9/gcc/avr/9.2.0/../../../../../../avr/lib/avr5/libc.a(printf.o)
                0x0000000000000c32                printf
 .text.avr-libc
                0x0000000000000c5a       0x28 /usr/local/Cellar/avr-gcc/9.2.0/lib/avr-gcc/9/gcc/avr/9.2.0/../../../../../../avr/lib/avr5/libc.a(scanf.o)
                0x0000000000000c5a                scanf
 .text.avr-libc
                0x0000000000000c82      0x3b0 /usr/local/Cellar/avr-gcc/9.2.0/lib/avr-gcc/9/gcc/avr/9.2.0/../../../../../../avr/lib/avr5/libc.a(vfprintf_std.o)
                0x0000000000000c82                vfprintf
 .text.avr-libc
                0x0000000000001032      0x54c /usr/local/Cellar/avr-gcc/9.2.0/lib/avr-gcc/9/gcc/avr/9.2.0/../../../../../../avr/lib/avr5/libc.a(vfscanf_std.o)
                0x0000000000001340                vfscanf
 .text.avr-libc
                0x000000000000157e       0x12 /usr/local/Cellar/avr-gcc/9.2.0/lib/avr-gcc/9/gcc/avr/9.2.0/../../../../../../avr/lib/avr5/libc.a(isspace.o)
                0x000000000000157e                isspace
 .text.avr-libc
                0x0000000000001590       0x16 /usr/local/Cellar/avr-gcc/9.2.0/lib/avr-gcc/9/gcc/avr/9.2.0/../../../../../../avr/lib/avr5/libc.a(strchr_P.o)
                0x0000000000001590                strchr_P
 .text.avr-libc
                0x00000000000015a6       0x16 /usr/local/Cellar/avr-gcc/9.2.0/lib/avr-gcc/9/gcc/avr/9.2.0/../../../../../../avr/lib/avr5/libc.a(strnlen_P.o)
                0x00000000000015a6                strnlen_P
 .text.avr-libc
                0x00000000000015bc       0x16 /usr/local/Cellar/avr-gcc/9.2.0/lib/avr-gcc/9/gcc/avr/9.2.0/../../../../../../avr/lib/avr5/libc.a(strnlen.o)
                0x00000000000015bc                strnlen
 .text.avr-libc
                0x00000000000015d2       0x7c /usr/local/Cellar/avr-gcc/9.2.0/lib/avr-gcc/9/gcc/avr/9.2.0/../../../../../../avr/lib/avr5/libc.a(fgetc.o)
                0x00000000000015d2                fgetc
 .text.avr-libc
                0x000000000000164e       0x60 /usr/local/Cellar/avr-gcc/9.2.0/lib/avr-gcc/9/gcc/avr/9.2.0/../../../../../../avr/lib/avr5/libc.a(fputc.o)
                0x000000000000164e                fputc
 .text.avr-libc
                0x00000000000016ae       0x30 /usr/local/Cellar/avr-gcc/9.2.0/lib/avr-gcc/9/gcc/avr/9.2.0/../../../../../../avr/lib/avr5/libc.a(ungetc.o)
                0x00000000000016ae                ungetc
 .text.avr-libc
                0x00000000000016de       0xbc /usr/local/Cellar/avr-gcc/9.2.0/lib/avr-gcc/9/gcc/avr/9.2.0/../../../../../../avr/lib/avr5/libc.a(ultoa_invert.o)
                0x00000000000016de                __ultoa_invert
 .text.avr-libc
                0x000000000000179a        0x6 /usr/local/Cellar/avr-gcc/9.2.0/lib/avr-gcc/9/gcc/avr/9.2.0/../../../../../../avr/lib/avr5/libc.a(cty_isfalse.o)
                0x000000000000179a                __ctype_isfalse
                0x000000000000179e                __ctype_istrue
 .text.libgcc.mul
                0x00000000000017a0        0x0 /usr/local/Cellar/avr-gcc/9.2.0/lib/avr-gcc/9/gcc/avr/9.2.0/avr5/libgcc.a(_prologue.o)
 .text.libgcc.div
                0x00000000000017a0        0x0 /usr/local/Cellar/avr-gcc/9.2.0/lib/avr-gcc/9/gcc/avr/9.2.0/avr5/libgcc.a(_prologue.o)
 .text.libgcc   0x00000000000017a0        0x0 /usr/local/Cellar/avr-gcc/9.2.0/lib/avr-gcc/9/gcc/avr/9.2.0/avr5/libgcc.a(_prologue.o)
 .text.libgcc.prologue
                0x00000000000017a0       0x38 /usr/local/Cellar/avr-gcc/9.2.0/lib/avr-gcc/9/gcc/avr/9.2.0/avr5/libgcc.a(_prologue.o)
                0x00000000000017a0                __prologue_saves__
 .text.libgcc.builtins
                0x00000000000017d8        0x0 /usr/local/Cellar/avr-gcc/9.2.0/lib/avr-gcc/9/gcc/avr/9.2.0/avr5/libgcc.a(_prologue.o)
 .text.libgcc.fmul
                0x00000000000017d8        0x0 /usr/local/Cellar/avr-gcc/9.2.0/lib/avr-gcc/9/gcc/avr/9.2.0/avr5/libgcc.a(_prologue.o)
 .text.libgcc.fixed
                0x00000000000017d8        0x0 /usr/local/Cellar/avr-gcc/9.2.0/lib/avr-gcc/9/gcc/avr/9.2.0/avr5/libgcc.a(_prologue.o)
 .text.libgcc.mul
                0x00000000000017d8        0x0 /usr/local/Cellar/avr-gcc/9.2.0/lib/avr-gcc/9/gcc/avr/9.2.0/avr5/libgcc.a(_epilogue.o)
 .text.libgcc.div
                0x00000000000017d8        0x0 /usr/local/Cellar/avr-gcc/9.2.0/lib/avr-gcc/9/gcc/avr/9.2.0/avr5/libgcc.a(_epilogue.o)
 .text.libgcc   0x00000000000017d8        0x0 /usr/local/Cellar/avr-gcc/9.2.0/lib/avr-gcc/9/gcc/avr/9.2.0/avr5/libgcc.a(_epilogue.o)
 .text.libgcc.prologue
                0x00000000000017d8       0x36 /usr/local/Cellar/avr-gcc/9.2.0/lib/avr-gcc/9/gcc/avr/9.2.0/avr5/libgcc.a(_epilogue.o)
                0x00000000000017d8                __epilogue_restores__
 .text.libgcc.builtins
                0x000000000000180e        0x0 /usr/local/Cellar/avr-gcc/9.2.0/lib/avr-gcc/9/gcc/avr/9.2.0/avr5/libgcc.a(_epilogue.o)
 .text.libgcc.fmul
                0x000000000000180e        0x0 /usr/local/Cellar/avr-gcc/9.2.0/lib/avr-gcc/9/gcc/avr/9.2.0/avr5/libgcc.a(_epilogue.o)
 .text.libgcc.fixed
                0x000000000000180e        0x0 /usr/local/Cellar/avr-gcc/9.2.0/lib/avr-gcc/9/gcc/avr/9.2.0/avr5/libgcc.a(_epilogue.o)
                0x000000000000180e                . = ALIGN (0x2)
 *(.fini9)
 .fini9         0x000000000000180e        0x0 /usr/local/Cellar/avr-gcc/9.2.0/lib/avr-gcc/9/gcc/avr/9.2.0/avr5/libgcc.a(_exit.o)
                0x000000000000180e                exit
                0x000000000000180e                _exit
 *(.fini9)
 *(.fini8)
 *(.fini8)
 *(.fini7)
 *(.fini7)
 *(.fini6)
 *(.fini6)
 *(.fini5)
 *(.fini5)
 *(.fini4)
 *(.fini4)
 *(.fini3)
 *(.fini3)
 *(.fini2)
 *(.fini2)
 *(.fini1)
 *(.fini1)
 *(.fini0)
 .fini0         0x000000000000180e        0x4 /usr/local/Cellar/avr-gcc/9.2.0/lib/avr-gcc/9/gcc/avr/9.2.0/avr5/libgcc.a(_exit.o)
 *(.fini0)
 *(.hightext)
 *(.hightext*)
 *(.progmemx.*)
                0x0000000000001812                . = ALIGN (0x2)
 *(.jumptables)
 *(.jumptables*)
                0x0000000000001812                _etext = .

.data           0x0000000000800100      0x180 load address 0x0000000000001812
                0x0000000000800100                PROVIDE (__data_start = .)
 *(.data)
 .data          0x0000000000800100        0x0 /usr/local/Cellar/avr-gcc/9.2.0/lib/avr-gcc/9/gcc/avr/9.2.0/../../../../../../avr/lib/avr5/crtatmega328p.o
 .data          0x0000000000800100        0x0 rtc.o
 .data          0x0000000000800100        0x0 i2c.o
 .data          0x0000000000800100        0x0 /usr/local/Cellar/avr-gcc/9.2.0/lib/avr-gcc/9/gcc/avr/9.2.0/avr5/libgcc.a(_exit.o)
 .data          0x0000000000800100        0x0 /usr/local/Cellar/avr-gcc/9.2.0/lib/avr-gcc/9/gcc/avr/9.2.0/avr5/libgcc.a(_copy_data.o)
 .data          0x0000000000800100        0x0 /usr/local/Cellar/avr-gcc/9.2.0/lib/avr-gcc/9/gcc/avr/9.2.0/avr5/libgcc.a(_clear_bss.o)
 .data          0x0000000000800100        0x0 /usr/local/Cellar/avr-gcc/9.2.0/lib/avr-gcc/9/gcc/avr/9.2.0/avr5/libgcc.a(_umulhisi3.o)
 .data          0x0000000000800100        0x0 /usr/local/Cellar/avr-gcc/9.2.0/lib/avr-gcc/9/gcc/avr/9.2.0/../../../../../../avr/lib/avr5/libc.a(iob.o)
 .data          0x0000000000800100        0x0 /usr/local/Cellar/avr-gcc/9.2.0/lib/avr-gcc/9/gcc/avr/9.2.0/../../../../../../avr/lib/avr5/libc.a(printf.o)
 .data          0x0000000000800100        0x0 /usr/local/Cellar/avr-gcc/9.2.0/lib/avr-gcc/9/gcc/avr/9.2.0/../../../../../../avr/lib/avr5/libc.a(scanf.o)
 .data          0x0000000000800100        0x0 /usr/local/Cellar/avr-gcc/9.2.0/lib/avr-gcc/9/gcc/avr/9.2.0/../../../../../../avr/lib/avr5/libc.a(vfprintf_std.o)
 .data          0x0000000000800100        0x0 /usr/local/Cellar/avr-gcc/9.2.0/lib/avr-gcc/9/gcc/avr/9.2.0/../../../../../../avr/lib/avr5/libc.a(vfscanf_std.o)
 .data          0x0000000000800100        0x0 /usr/local/Cellar/avr-gcc/9.2.0/lib/avr-gcc/9/gcc/avr/9.2.0/../../../../../../avr/lib/avr5/libc.a(isspace.o)
 .data          0x0000000000800100        0x0 /usr/local/Cellar/avr-gcc/9.2.0/lib/avr-gcc/9/gcc/avr/9.2.0/../../../../../../avr/lib/avr5/libc.a(strchr_P.o)
 .data          0x0000000000800100        0x0 /usr/local/Cellar/avr-gcc/9.2.0/lib/avr-gcc/9/gcc/avr/9.2.0/../../../../../../avr/lib/avr5/libc.a(strnlen_P.o)
 .data          0x0000000000800100        0x0 /usr/local/Cellar/avr-gcc/9.2.0/lib/avr-gcc/9/gcc/avr/9.2.0/../../../../../../avr/lib/avr5/libc.a(strnlen.o)
 .data          0x0000000000800100        0x0 /usr/local/Cellar/avr-gcc/9.2.0/lib/avr-gcc/9/gcc/avr/9.2.0/../../../../../../avr/lib/avr5/libc.a(fgetc.o)
 .data          0x0000000000800100        0x0 /usr/local/Cellar/avr-gcc/9.2.0/lib/avr-gcc/9/gcc/avr/9.2.0/../../../../../../avr/lib/avr5/libc.a(fputc.o)
 .data          0x0000000000800100        0x0 /usr/local/Cellar/avr-gcc/9.2.0/lib/avr-gcc/9/gcc/avr/9.2.0/../../../../../../avr/lib/avr5/libc.a(ungetc.o)
 .data          0x0000000000800100        0x0 /usr/local/Cellar/avr-gcc/9.2.0/lib/avr-gcc/9/gcc/avr/9.2.0/../../../../../../avr/lib/avr5/libc.a(ultoa_invert.o)
 .data          0x0000000000800100        0x0 /usr/local/Cellar/avr-gcc/9.2.0/lib/avr-gcc/9/gcc/avr/9.2.0/../../../../../../avr/lib/avr5/libc.a(cty_isfalse.o)
 .data          0x0000000000800100        0x0 /usr/local/Cellar/avr-gcc/9.2.0/lib/avr-gcc/9/gcc/avr/9.2.0/avr5/libgcc.a(_prologue.o)
 .data          0x0000000000800100        0x0 /usr/local/Cellar/avr-gcc/9.2.0/lib/avr-gcc/9/gcc/avr/9.2.0/avr5/libgcc.a(_epilogue.o)
 *(.data*)
 *(.gnu.linkonce.d*)
 *(.rodata)
 .rodata        0x0000000000800100        0x1 rtc.o
                0x0000000000800100                rtc_addr
 *(.rodata*)
 .rodata.str1.1
                0x0000000000800101      0x17e rtc.o
                                        0x19b (size before relaxing)
 *(.gnu.linkonce.r*)
                0x0000000000800280                . = ALIGN (0x2)
 *fill*         0x000000000080027f        0x1 
                0x0000000000800280                _edata = .
                0x0000000000800280                PROVIDE (__data_end = .)

.bss            0x0000000000800280       0x14
                0x0000000000800280                PROVIDE (__bss_start = .)
 *(.bss)
 .bss           0x0000000000800280        0x0 /usr/local/Cellar/avr-gcc/9.2.0/lib/avr-gcc/9/gcc/avr/9.2.0/../../../../../../avr/lib/avr5/crtatmega328p.o
 .bss           0x0000000000800280        0x0 rtc.o
 .bss           0x0000000000800280        0x0 i2c.o
 .bss           0x0000000000800280        0x0 /usr/local/Cellar/avr-gcc/9.2.0/lib/avr-gcc/9/gcc/avr/9.2.0/avr5/libgcc.a(_exit.o)
 .bss           0x0000000000800280        0x0 /usr/local/Cellar/avr-gcc/9.2.0/lib/avr-gcc/9/gcc/avr/9.2.0/avr5/libgcc.a(_copy_data.o)
 .bss           0x0000000000800280        0x0 /usr/local/Cellar/avr-gcc/9.2.0/lib/avr-gcc/9/gcc/avr/9.2.0/avr5/libgcc.a(_clear_bss.o)
 .bss           0x0000000000800280        0x0 /usr/local/Cellar/avr-gcc/9.2.0/lib/avr-gcc/9/gcc/avr/9.2.0/avr5/libgcc.a(_umulhisi3.o)
 .bss           0x0000000000800280        0x0 /usr/local/Cellar/avr-gcc/9.2.0/lib/avr-gcc/9/gcc/avr/9.2.0/../../../../../../avr/lib/avr5/libc.a(iob.o)
 .bss           0x0000000000800280        0x0 /usr/local/Cellar/avr-gcc/9.2.0/lib/avr-gcc/9/gcc/avr/9.2.0/../../../../../../avr/lib/avr5/libc.a(printf.o)
 .bss           0x0000000000800280        0x0 /usr/local/Cellar/avr-gcc/9.2.0/lib/avr-gcc/9/gcc/avr/9.2.0/../../../../../../avr/lib/avr5/libc.a(scanf.o)
 .bss           0x0000000000800280        0x0 /usr/local/Cellar/avr-gcc/9.2.0/lib/avr-gcc/9/gcc/avr/9.2.0/../../../../../../avr/lib/avr5/libc.a(vfprintf_std.o)
 .bss           0x0000000000800280        0x0 /usr/local/Cellar/avr-gcc/9.2.0/lib/avr-gcc/9/gcc/avr/9.2.0/../../../../../../avr/lib/avr5/libc.a(vfscanf_std.o)
 .bss           0x0000000000800280        0x0 /usr/local/Cellar/avr-gcc/9.2.0/lib/avr-gcc/9/gcc/avr/9.2.0/../../../../../../avr/lib/avr5/libc.a(isspace.o)
 .bss           0x0000000000800280        0x0 /usr/local/Cellar/avr-gcc/9.2.0/lib/avr-gcc/9/gcc/avr/9.2.0/../../../../../../avr/lib/avr5/libc.a(strchr_P.o)
 .bss           0x0000000000800280        0x0 /usr/local/Cellar/avr-gcc/9.2.0/lib/avr-gcc/9/gcc/avr/9.2.0/../../../../../../avr/lib/avr5/libc.a(strnlen_P.o)
 .bss           0x0000000000800280        0x0 /usr/local/Cellar/avr-gcc/9.2.0/lib/avr-gcc/9/gcc/avr/9.2.0/../../../../../../avr/lib/avr5/libc.a(strnlen.o)
 .bss           0x0000000000800280        0x0 /usr/local/Cellar/avr-gcc/9.2.0/lib/avr-gcc/9/gcc/avr/9.2.0/../../../../../../avr/lib/avr5/libc.a(fgetc.o)
 .bss           0x0000000000800280        0x0 /usr/local/Cellar/avr-gcc/9.2.0/lib/avr-gcc/9/gcc/avr/9.2.0/../../../../../../avr/lib/avr5/libc.a(fputc.o)
 .bss           0x0000000000800280        0x0 /usr/local/Cellar/avr-gcc/9.2.0/lib/avr-gcc/9/gcc/avr/9.2.0/../../../../../../avr/lib/avr5/libc.a(ungetc.o)
 .bss           0x0000000000800280        0x0 /usr/local/Cellar/avr-gcc/9.2.0/lib/avr-gcc/9/gcc/avr/9.2.0/../../../../../../avr/lib/avr5/libc.a(ultoa_invert.o)
 .bss           0x0000000000800280        0x0 /usr/local/Cellar/avr-gcc/9.2.0/lib/avr-gcc/9/gcc/avr/9.2.0/../../../../../../avr/lib/avr5/libc.a(cty_isfalse.o)
 .bss           0x0000000000800280        0x0 /usr/local/Cellar/avr-gcc/9.2.0/lib/avr-gcc/9/gcc/avr/9.2.0/avr5/libgcc.a(_prologue.o)
 .bss           0x0000000000800280        0x0 /usr/local/Cellar/avr-gcc/9.2.0/lib/avr-gcc/9/gcc/avr/9.2.0/avr5/libgcc.a(_epilogue.o)
 *(.bss*)
 *(COMMON)
 COMMON         0x0000000000800280        0xe rtc.o
                0x0000000000800280                uart_file
 COMMON         0x000000000080028e        0x6 /usr/local/Cellar/avr-gcc/9.2.0/lib/avr-gcc/9/gcc/avr/9.2.0/../../../../../../avr/lib/avr5/libc.a(iob.o)
                0x000000000080028e                __iob
                0x0000000000800294                PROVIDE (__bss_end = .)
                0x0000000000001812                __data_load_start = LOADADDR (.data)
                0x0000000000001992                __data_load_end = (__data_load_start + SIZEOF (.data))

.noinit         0x0000000000800294        0x0
                [!provide]                        PROVIDE (__noinit_start = .)
 *(.noinit*)
                [!provide]                        PROVIDE (__noinit_end = .)
                0x0000000000800294                _end = .
                [!provide]                        PROVIDE (__heap_start = .)

.eeprom         0x0000000000810000        0x0
 *(.eeprom*)
                0x0000000000810000                __eeprom_end = .

.fuse
 *(.fuse)
 *(.lfuse)
 *(.hfuse)
 *(.efuse)

.lock
 *(.lock*)

.signature
 *(.signature*)

.stab
 *(.stab)

.stabstr
 *(.stabstr)

.stab.excl
 *(.stab.excl)

.stab.exclstr
 *(.stab.exclstr)

.stab.index
 *(.stab.index)

.stab.indexstr
 *(.stab.indexstr)

.comment        0x0000000000000000       0x11
 *(.comment)
 .comment       0x0000000000000000       0x11 rtc.o
                                         0x12 (size before relaxing)
 .comment       0x0000000000000011       0x12 i2c.o
 .comment       0x0000000000000011       0x12 /usr/local/Cellar/avr-gcc/9.2.0/lib/avr-gcc/9/gcc/avr/9.2.0/../../../../../../avr/lib/avr5/libc.a(iob.o)
 .comment       0x0000000000000011       0x12 /usr/local/Cellar/avr-gcc/9.2.0/lib/avr-gcc/9/gcc/avr/9.2.0/../../../../../../avr/lib/avr5/libc.a(printf.o)
 .comment       0x0000000000000011       0x12 /usr/local/Cellar/avr-gcc/9.2.0/lib/avr-gcc/9/gcc/avr/9.2.0/../../../../../../avr/lib/avr5/libc.a(scanf.o)
 .comment       0x0000000000000011       0x12 /usr/local/Cellar/avr-gcc/9.2.0/lib/avr-gcc/9/gcc/avr/9.2.0/../../../../../../avr/lib/avr5/libc.a(vfprintf_std.o)
 .comment       0x0000000000000011       0x12 /usr/local/Cellar/avr-gcc/9.2.0/lib/avr-gcc/9/gcc/avr/9.2.0/../../../../../../avr/lib/avr5/libc.a(vfscanf_std.o)
 .comment       0x0000000000000011       0x12 /usr/local/Cellar/avr-gcc/9.2.0/lib/avr-gcc/9/gcc/avr/9.2.0/../../../../../../avr/lib/avr5/libc.a(fgetc.o)
 .comment       0x0000000000000011       0x12 /usr/local/Cellar/avr-gcc/9.2.0/lib/avr-gcc/9/gcc/avr/9.2.0/../../../../../../avr/lib/avr5/libc.a(fputc.o)
 .comment       0x0000000000000011       0x12 /usr/local/Cellar/avr-gcc/9.2.0/lib/avr-gcc/9/gcc/avr/9.2.0/../../../../../../avr/lib/avr5/libc.a(ungetc.o)

.note.gnu.avr.deviceinfo
                0x0000000000000000       0x40
 .note.gnu.avr.deviceinfo
                0x0000000000000000       0x40 /usr/local/Cellar/avr-gcc/9.2.0/lib/avr-gcc/9/gcc/avr/9.2.0/../../../../../../avr/lib/avr5/crtatmega328p.o

.note.gnu.build-id
 *(.note.gnu.build-id)

.debug
 *(.debug)

.line
 *(.line)

.debug_srcinfo
 *(.debug_srcinfo)

.debug_sfnames
 *(.debug_sfnames)

.debug_aranges  0x0000000000000000      0x108
 *(.debug_aranges)
 .debug_aranges
                0x0000000000000000       0x28 rtc.o
 .debug_aranges
                0x0000000000000028       0x20 i2c.o
 .debug_aranges
                0x0000000000000048       0x20 /usr/local/Cellar/avr-gcc/9.2.0/lib/avr-gcc/9/gcc/avr/9.2.0/avr5/libgcc.a(_exit.o)
 .debug_aranges
                0x0000000000000068       0x20 /usr/local/Cellar/avr-gcc/9.2.0/lib/avr-gcc/9/gcc/avr/9.2.0/avr5/libgcc.a(_copy_data.o)
 .debug_aranges
                0x0000000000000088       0x20 /usr/local/Cellar/avr-gcc/9.2.0/lib/avr-gcc/9/gcc/avr/9.2.0/avr5/libgcc.a(_clear_bss.o)
 .debug_aranges
                0x00000000000000a8       0x20 /usr/local/Cellar/avr-gcc/9.2.0/lib/avr-gcc/9/gcc/avr/9.2.0/avr5/libgcc.a(_umulhisi3.o)
 .debug_aranges
                0x00000000000000c8       0x20 /usr/local/Cellar/avr-gcc/9.2.0/lib/avr-gcc/9/gcc/avr/9.2.0/avr5/libgcc.a(_prologue.o)
 .debug_aranges
                0x00000000000000e8       0x20 /usr/local/Cellar/avr-gcc/9.2.0/lib/avr-gcc/9/gcc/avr/9.2.0/avr5/libgcc.a(_epilogue.o)

.debug_pubnames
 *(.debug_pubnames)

.debug_info     0x0000000000000000     0x135a
 *(.debug_info .gnu.linkonce.wi.*)
 .debug_info    0x0000000000000000      0x5f4 /usr/local/Cellar/avr-gcc/9.2.0/lib/avr-gcc/9/gcc/avr/9.2.0/../../../../../../avr/lib/avr5/crtatmega328p.o
 .debug_info    0x00000000000005f4      0xafe rtc.o
 .debug_info    0x00000000000010f2      0x184 i2c.o
 .debug_info    0x0000000000001276       0x26 /usr/local/Cellar/avr-gcc/9.2.0/lib/avr-gcc/9/gcc/avr/9.2.0/avr5/libgcc.a(_exit.o)
 .debug_info    0x000000000000129c       0x26 /usr/local/Cellar/avr-gcc/9.2.0/lib/avr-gcc/9/gcc/avr/9.2.0/avr5/libgcc.a(_copy_data.o)
 .debug_info    0x00000000000012c2       0x26 /usr/local/Cellar/avr-gcc/9.2.0/lib/avr-gcc/9/gcc/avr/9.2.0/avr5/libgcc.a(_clear_bss.o)
 .debug_info    0x00000000000012e8       0x26 /usr/local/Cellar/avr-gcc/9.2.0/lib/avr-gcc/9/gcc/avr/9.2.0/avr5/libgcc.a(_umulhisi3.o)
 .debug_info    0x000000000000130e       0x26 /usr/local/Cellar/avr-gcc/9.2.0/lib/avr-gcc/9/gcc/avr/9.2.0/avr5/libgcc.a(_prologue.o)
 .debug_info    0x0000000000001334       0x26 /usr/local/Cellar/avr-gcc/9.2.0/lib/avr-gcc/9/gcc/avr/9.2.0/avr5/libgcc.a(_epilogue.o)

.debug_abbrev   0x0000000000000000      0x9eb
 *(.debug_abbrev)
 .debug_abbrev  0x0000000000000000      0x5a2 /usr/local/Cellar/avr-gcc/9.2.0/lib/avr-gcc/9/gcc/avr/9.2.0/../../../../../../avr/lib/avr5/crtatmega328p.o
 .debug_abbrev  0x00000000000005a2      0x2e3 rtc.o
 .debug_abbrev  0x0000000000000885       0xee i2c.o
 .debug_abbrev  0x0000000000000973       0x14 /usr/local/Cellar/avr-gcc/9.2.0/lib/avr-gcc/9/gcc/avr/9.2.0/avr5/libgcc.a(_exit.o)
 .debug_abbrev  0x0000000000000987       0x14 /usr/local/Cellar/avr-gcc/9.2.0/lib/avr-gcc/9/gcc/avr/9.2.0/avr5/libgcc.a(_copy_data.o)
 .debug_abbrev  0x000000000000099b       0x14 /usr/local/Cellar/avr-gcc/9.2.0/lib/avr-gcc/9/gcc/avr/9.2.0/avr5/libgcc.a(_clear_bss.o)
 .debug_abbrev  0x00000000000009af       0x14 /usr/local/Cellar/avr-gcc/9.2.0/lib/avr-gcc/9/gcc/avr/9.2.0/avr5/libgcc.a(_umulhisi3.o)
 .debug_abbrev  0x00000000000009c3       0x14 /usr/local/Cellar/avr-gcc/9.2.0/lib/avr-gcc/9/gcc/avr/9.2.0/avr5/libgcc.a(_prologue.o)
 .debug_abbrev  0x00000000000009d7       0x14 /usr/local/Cellar/avr-gcc/9.2.0/lib/avr-gcc/9/gcc/avr/9.2.0/avr5/libgcc.a(_epilogue.o)

.debug_line     0x0000000000000000     0x13f8
 *(.debug_line .debug_line.* .debug_line_end)
 .debug_line    0x0000000000000000       0x1d /usr/local/Cellar/avr-gcc/9.2.0/lib/avr-gcc/9/gcc/avr/9.2.0/../../../../../../avr/lib/avr5/crtatmega328p.o
 .debug_line    0x000000000000001d      0xcf0 rtc.o
 .debug_line    0x0000000000000d0d      0x2cb i2c.o
 .debug_line    0x0000000000000fd8       0x61 /usr/local/Cellar/avr-gcc/9.2.0/lib/avr-gcc/9/gcc/avr/9.2.0/avr5/libgcc.a(_exit.o)
 .debug_line    0x0000000000001039       0x97 /usr/local/Cellar/avr-gcc/9.2.0/lib/avr-gcc/9/gcc/avr/9.2.0/avr5/libgcc.a(_copy_data.o)
 .debug_line    0x00000000000010d0       0x85 /usr/local/Cellar/avr-gcc/9.2.0/lib/avr-gcc/9/gcc/avr/9.2.0/avr5/libgcc.a(_clear_bss.o)
 .debug_line    0x0000000000001155       0xaf /usr/local/Cellar/avr-gcc/9.2.0/lib/avr-gcc/9/gcc/avr/9.2.0/avr5/libgcc.a(_umulhisi3.o)
 .debug_line    0x0000000000001204       0xfd /usr/local/Cellar/avr-gcc/9.2.0/lib/avr-gcc/9/gcc/avr/9.2.0/avr5/libgcc.a(_prologue.o)
 .debug_line    0x0000000000001301       0xf7 /usr/local/Cellar/avr-gcc/9.2.0/lib/avr-gcc/9/gcc/avr/9.2.0/avr5/libgcc.a(_epilogue.o)

.debug_frame    0x0000000000000000      0x370
 *(.debug_frame)
 .debug_frame   0x0000000000000000      0x2dc rtc.o
 .debug_frame   0x00000000000002dc       0x94 i2c.o

.debug_str      0x0000000000000000      0x466
 *(.debug_str)
 .debug_str     0x0000000000000000      0x208 /usr/local/Cellar/avr-gcc/9.2.0/lib/avr-gcc/9/gcc/avr/9.2.0/../../../../../../avr/lib/avr5/crtatmega328p.o
 .debug_str     0x0000000000000208      0x1c5 rtc.o
                                        0x203 (size before relaxing)
 .debug_str     0x00000000000003cd       0x19 i2c.o
                                        0x147 (size before relaxing)
 .debug_str     0x00000000000003e6       0x80 /usr/local/Cellar/avr-gcc/9.2.0/lib/avr-gcc/9/gcc/avr/9.2.0/avr5/libgcc.a(_exit.o)
 .debug_str     0x0000000000000466       0x80 /usr/local/Cellar/avr-gcc/9.2.0/lib/avr-gcc/9/gcc/avr/9.2.0/avr5/libgcc.a(_copy_data.o)
 .debug_str     0x0000000000000466       0x80 /usr/local/Cellar/avr-gcc/9.2.0/lib/avr-gcc/9/gcc/avr/9.2.0/avr5/libgcc.a(_clear_bss.o)
 .debug_str     0x0000000000000466       0x80 /usr/local/Cellar/avr-gcc/9.2.0/lib/avr-gcc/9/gcc/avr/9.2.0/avr5/libgcc.a(_umulhisi3.o)
 .debug_str     0x0000000000000466       0x80 /usr/local/Cellar/avr-gcc/9.2.0/lib/avr-gcc/9/gcc/avr/9.2.0/avr5/libgcc.a(_prologue.o)
 .debug_str     0x0000000000000466       0x80 /usr/local/Cellar/avr-gcc/9.2.0/lib/avr-gcc/9/gcc/avr/9.2.0/avr5/libgcc.a(_epilogue.o)

.debug_loc      0x0000000000000000      0xa4b
 *(.debug_loc)
 .debug_loc     0x0000000000000000      0xa18 rtc.o
 .debug_loc     0x0000000000000a18       0x33 i2c.o

.debug_macinfo
 *(.debug_macinfo)

.debug_weaknames
 *(.debug_weaknames)

.debug_funcnames
 *(.debug_funcnames)

.debug_typenames
 *(.debug_typenames)

.debug_varnames
 *(.debug_varnames)

.debug_pubtypes
 *(.debug_pubtypes)

.debug_ranges   0x0000000000000000       0xe0
 *(.debug_ranges)
 .debug_ranges  0x0000000000000000       0xe0 rtc.o

.debug_macro
 *(.debug_macro)

.debug_addr
 *(.debug_addr)
OUTPUT(rtc.elf elf32-avr)
LOAD linker stubs
